// Jest Snapshot v1, https://goo.gl/fbAQLP

exports[`<Landing /> 1`] = `
<div>
  Hello, world!!!
</div>
`;
